ERROR
ERROR
ERROR
ERROR
ERROR
ERROR
ERROR